
> devops-carrier-frontend@1.0.0 test
> vitest


 DEV  v0.34.6 /Users/tk-lpt-1088/projects/devOps/devops-carrier/frontend

 ✓ src/lib/formatters.test.ts  (8 tests) 5ms
 ✓ src/lib/chartColors.test.ts  (4 tests) 2ms
 ✓ src/hooks/useChartTheme.test.ts  (4 tests) 2ms
 ✓ src/components/ui/assessment/AssessmentPrimitives.test.tsx  (8 tests) 11ms
 ✓ src/lib/scoringPreview.test.ts  (4 tests) 3ms
 ❯ src/components/dashboard/tabs/ResourceOverviewDashboard.test.tsx  (4 tests | 1 failed) 26ms
   ❯ src/components/dashboard/tabs/ResourceOverviewDashboard.test.tsx > ResourceOverviewDashboard (SSR Rendering) > renders Header Ribbon with greeting, career grade trajectory, and evaluation cycle title
     → HTML Output: <div class="w-full max-w-[1700px] mx-auto space-y-4 px-4 sm:px-6 py-2"><div class="flex flex-col md:flex-row md:items-center justify-between gap-3 p-4 rounded-2xl border border-border bg-surface shadow-sm dark:shadow-xl backdrop-blur-xl"><div class="flex flex-wrap items-center gap-3"><div class="flex items-center gap-2"><div class="p-2 rounded-xl bg-accent-soft text-accent shrink-0"><svg xmlns="http://www.w3.org/2000/svg" width="18" height="18" viewBox="0 0 24 24" fill="none" stroke="currentColor" stroke-width="2" stroke-linecap="round" stroke-linejoin="round" class="lucide lucide-sparkles" aria-hidden="true"><path d="M11.017 2.814a1 1 0 0 1 1.966 0l1.051 5.558a2 2 0 0 0 1.594 1.594l5.558 1.051a1 1 0 0 1 0 1.966l-5.558 1.051a2 2 0 0 0-1.594 1.594l-1.051 5.558a1 1 0 0 1-1.966 0l-1.051-5.558a2 2 0 0 0-1.594-1.594l-5.558-1.051a1 1 0 0 1 0-1.966l5.558-1.051a2 2 0 0 0 1.594-1.594z"></path><path d="M20 2v4"></path><path d="M22 4h-4"></path><circle cx="4" cy="20" r="2"></circle></svg></div><h1 class="text-base font-extrabold tracking-tight text-text-1">Welcome back, <!-- -->Test Engineer<!-- -->! 👋</h1></div><div class="flex items-center gap-1 text-xs font-semibold"><span class="px-2 py-0.5 rounded-md bg-surface-2 border border-border text-text-2 text-[10px]">G14</span><span class="text-accent font-bold">→</span><span class="px-2 py-0.5 rounded-md bg-accent-soft border border-accent/30 text-accent-txt text-[10px]">Target: <strong class="font-mono text-text-1">G15</strong></span></div><div class="inline-flex items-center gap-1.5 px-2.5 py-0.5 rounded-full text-[10px] font-bold bg-accent-soft text-accent-txt border border-accent/30"><svg xmlns="http://www.w3.org/2000/svg" width="12" height="12" viewBox="0 0 24 24" fill="none" stroke="currentColor" stroke-width="2" stroke-linecap="round" stroke-linejoin="round" class="lucide lucide-calendar text-accent" aria-hidden="true"><path d="M8 2v3"></path><path d="M16 2v3"></path><rect x="3" y="3" width="18" height="18" rx="2"></rect><path d="M3 9h18"></path></svg><span>Cycle <!-- -->2026<!-- --> (Active)</span></div></div><div class="flex items-center gap-2 shrink-0"><div class="flex items-center gap-1.5 bg-surface-2 px-3 py-1 rounded-xl border border-border text-xs"><span class="text-[10px] font-bold text-text-3 uppercase tracking-wider">Readiness</span><span class="font-black text-text-1 font-mono tabular-nums text-xs">40<!-- -->%</span><div class="w-1.5 h-1.5 rounded-full bg-emerald-500 shadow-[0_0_6px_rgba(16,185,129,0.8)]"></div></div><button type="button" class="inline-flex items-center gap-1 px-3 py-1 rounded-xl font-bold text-[10px] uppercase tracking-wider bg-accent text-white hover:bg-accent-hover shadow-sm transition-all active:scale-95"><span>Assess Skills</span><svg xmlns="http://www.w3.org/2000/svg" width="12" height="12" viewBox="0 0 24 24" fill="none" stroke="currentColor" stroke-width="2" stroke-linecap="round" stroke-linejoin="round" class="lucide lucide-arrow-up-right" aria-hidden="true"><path d="M7 7h10v10"></path><path d="M7 17 17 7"></path></svg></button></div></div><div class="grid grid-cols-2 sm:grid-cols-3 md:grid-cols-5 gap-2.5"><div class="relative overflow-hidden rounded-2xl px-3.5 py-3 border border-border bg-surface shadow-sm dark:shadow-lg backdrop-blur-xl flex flex-col gap-1.5 group hover:border-accent/40 transition-colors"><div class="absolute -top-4 -right-4 w-14 h-14 rounded-full bg-accent/10 blur-xl group-hover:bg-accent/20 transition-colors"></div><div class="flex items-center justify-between"><div class="flex items-center gap-1"><svg xmlns="http://www.w3.org/2000/svg" width="13" height="13" viewBox="0 0 24 24" fill="none" stroke="currentColor" stroke-width="2" stroke-linecap="round" stroke-linejoin="round" class="lucide lucide-circle-check text-emerald-500 shrink-0" aria-hidden="true"><circle cx="12" cy="12" r="10"></circle><path d="m9 12 2 2 4-4"></path></svg><span class="text-[10px] font-bold uppercase tracking-wider text-text-3">Readiness</span></div><span class="text-[9px] font-bold px-1.5 py-0.5 rounded-md bg-amber-500/15 text-amber-600 dark:text-amber-400">⚡ In Progress</span></div><div class="flex items-end gap-1.5"><span class="text-2xl font-black font-mono tabular-nums text-text-1 leading-none">40<!-- -->%</span><span class="text-[10px] text-text-3 pb-0.5">of gate</span></div><div class="w-full h-1 rounded-full bg-surface-2 border border-border overflow-hidden"><div class="h-full rounded-full bg-gradient-to-r from-emerald-500 to-emerald-400 transition-all duration-700" style="width:40%"></div></div><span class="text-[9px] text-text-3">Promotion Gate: <!-- -->G14<!-- --> → <!-- -->G15</span></div><div class="relative overflow-hidden rounded-2xl px-3.5 py-3 border border-border bg-surface shadow-sm dark:shadow-lg backdrop-blur-xl flex flex-col gap-1.5 group hover:border-indigo-500/40 transition-colors"><div class="absolute -top-4 -right-4 w-14 h-14 rounded-full bg-indigo-500/10 blur-xl group-hover:bg-indigo-500/20 transition-colors"></div><div class="flex items-center justify-between"><div class="flex items-center gap-1"><svg xmlns="http://www.w3.org/2000/svg" width="13" height="13" viewBox="0 0 24 24" fill="none" stroke="currentColor" stroke-width="2" stroke-linecap="round" stroke-linejoin="round" class="lucide lucide-cpu text-indigo-500 shrink-0" aria-hidden="true"><path d="M12 20v2"></path><path d="M12 2v2"></path><path d="M17 20v2"></path><path d="M17 2v2"></path><path d="M2 12h2"></path><path d="M2 17h2"></path><path d="M2 7h2"></path><path d="M20 12h2"></path><path d="M20 17h2"></path><path d="M20 7h2"></path><path d="M7 20v2"></path><path d="M7 2v2"></path><rect x="4" y="4" width="16" height="16" rx="2"></rect><rect x="8" y="8" width="8" height="8" rx="1"></rect></svg><span class="text-[10px] font-bold uppercase tracking-wider text-text-3">Technical</span></div><span class="text-[9px] font-bold px-1.5 py-0.5 rounded-md bg-emerald-500/15 text-emerald-600 dark:text-emerald-400">✓ Met</span></div><div class="flex items-end gap-1.5"><span class="text-2xl font-black font-mono tabular-nums text-indigo-600 dark:text-indigo-400 leading-none">1<!-- -->%</span><span class="text-[10px] text-text-3 pb-0.5">/ <!-- -->1<!-- -->% req</span></div><div class="w-full h-1 rounded-full bg-surface-2 border border-border overflow-hidden"><div class="h-full rounded-full bg-gradient-to-r from-indigo-600 to-indigo-400 transition-all duration-700" style="width:1%"></div></div><div class="flex items-center gap-1 text-[9px] text-text-3"><svg xmlns="http://www.w3.org/2000/svg" width="9" height="9" viewBox="0 0 24 24" fill="none" stroke="currentColor" stroke-width="2" stroke-linecap="round" stroke-linejoin="round" class="lucide lucide-trending-up text-emerald-500" aria-hidden="true"><path d="M16 7h6v6"></path><path d="m22 7-8.5 8.5-5-5L2 17"></path></svg><span>+<!-- -->0<!-- -->% above target</span></div></div><div class="relative overflow-hidden rounded-2xl px-3.5 py-3 border border-border bg-surface shadow-sm dark:shadow-lg backdrop-blur-xl flex flex-col gap-1.5 group hover:border-cyan-500/40 transition-colors"><div class="absolute -top-4 -right-4 w-14 h-14 rounded-full bg-cyan-500/10 blur-xl group-hover:bg-cyan-500/20 transition-colors"></div><div class="flex items-center justify-between"><div class="flex items-center gap-1"><svg xmlns="http://www.w3.org/2000/svg" width="13" height="13" viewBox="0 0 24 24" fill="none" stroke="currentColor" stroke-width="2" stroke-linecap="round" stroke-linejoin="round" class="lucide lucide-message-square text-cyan-500 shrink-0" aria-hidden="true"><path d="M22 17a2 2 0 0 1-2 2H6.828a2 2 0 0 0-1.414.586l-2.202 2.202A.71.71 0 0 1 2 21.286V5a2 2 0 0 1 2-2h16a2 2 0 0 1 2 2z"></path></svg><span class="text-[10px] font-bold uppercase tracking-wider text-text-3">CEFR Lang</span></div><span class="text-[9px] font-bold px-1.5 py-0.5 rounded-md bg-amber-500/15 text-amber-600 dark:text-amber-400">▲ Progressing</span></div><div class="flex items-end gap-1.5"><span class="text-2xl font-black font-mono tabular-nums text-cyan-600 dark:text-cyan-400 leading-none">B2</span><span class="text-[10px] text-text-3 pb-0.5">/ <!-- -->-<!-- --> req</span></div><div class="w-full h-1 rounded-full bg-surface-2 border border-border overflow-hidden"><div class="h-full rounded-full bg-gradient-to-r from-cyan-600 to-cyan-400 transition-all duration-700" style="width:67%"></div></div><span class="text-[9px] text-text-3">Score: <!-- -->67<!-- -->% · Benchmark: <!-- -->0<!-- -->%</span></div><div class="relative overflow-hidden rounded-2xl px-3.5 py-3 border border-border bg-surface shadow-sm dark:shadow-lg backdrop-blur-xl flex flex-col gap-1.5 group hover:border-amber-500/40 transition-colors"><div class="absolute -top-4 -right-4 w-14 h-14 rounded-full bg-amber-500/10 blur-xl group-hover:bg-amber-500/20 transition-colors"></div><div class="flex items-center justify-between"><div class="flex items-center gap-1"><svg xmlns="http://www.w3.org/2000/svg" width="13" height="13" viewBox="0 0 24 24" fill="none" stroke="currentColor" stroke-width="2" stroke-linecap="round" stroke-linejoin="round" class="lucide lucide-shield-check text-amber-500 shrink-0" aria-hidden="true"><path d="M20 13c0 5-3.5 7.5-7.66 8.95a1 1 0 0 1-.67-.01C7.5 20.5 4 18 4 13V6a1 1 0 0 1 1-1c2 0 4.5-1.2 6.24-2.72a1.17 1.17 0 0 1 1.52 0C14.51 3.81 17 5 19 5a1 1 0 0 1 1 1z"></path><path d="m9 12 2 2 4-4"></path></svg><span class="text-[10px] font-bold uppercase tracking-wider text-text-3">Behavioral</span></div><span class="text-[9px] font-bold px-1.5 py-0.5 rounded-md bg-amber-500/15 text-amber-600 dark:text-amber-400">▲ Progressing</span></div><div class="flex items-end gap-1.5"><span class="text-2xl font-black font-mono tabular-nums text-amber-600 dark:text-amber-400 leading-none">L4</span><span class="text-[10px] text-text-3 pb-0.5">/ <!-- -->-<!-- --> req</span></div><div class="w-full h-1 rounded-full bg-surface-2 border border-border overflow-hidden"><div class="h-full rounded-full bg-gradient-to-r from-amber-600 to-amber-400 transition-all duration-700" style="width:80%"></div></div><span class="text-[9px] text-text-3">11-pillar framework · <!-- -->80<!-- -->% vs <!-- -->0<!-- -->% req</span></div><div class="relative overflow-hidden rounded-2xl px-3.5 py-3 border border-border bg-surface shadow-sm dark:shadow-lg backdrop-blur-xl flex flex-col gap-1.5 group hover:border-accent/40 transition-colors"><div class="absolute -top-4 -right-4 w-14 h-14 rounded-full bg-accent/10 blur-xl group-hover:bg-accent/20 transition-colors"></div><div class="flex items-center justify-between"><div class="flex items-center gap-1"><svg xmlns="http://www.w3.org/2000/svg" width="13" height="13" viewBox="0 0 24 24" fill="none" stroke="currentColor" stroke-width="2" stroke-linecap="round" stroke-linejoin="round" class="lucide lucide-zap text-accent shrink-0" aria-hidden="true"><path d="M15.914 4a1.5 1.5 0 00-2.474-1.561l-9 9A1.5 1.5 0 005.5 14h4.002a.5.5 0 01.471.666L8.086 20a1.5 1.5 0 002.475 1.56l9-9A1.5 1.5 0 0018.5 10h-3.997a.5.5 0 01-.472-.667z"></path></svg><span class="text-[10px] font-bold uppercase tracking-wider text-text-3">Skills Gate</span></div><span class="text-[9px] font-bold px-1.5 py-0.5 rounded-md bg-accent-soft text-accent-txt">18<!-- -->/<!-- -->20</span></div><div class="flex items-end gap-1.5"><span class="text-2xl font-black font-mono tabular-nums text-text-1 leading-none">18</span><span class="text-[10px] text-text-3 pb-0.5">/ <!-- -->20<!-- --> skills</span></div><div class="w-full h-1 rounded-full bg-surface-2 border border-border overflow-hidden"><div class="h-full rounded-full bg-gradient-to-r from-accent to-purple-400 transition-all duration-700" style="width:90%"></div></div><div class="flex items-center gap-1 text-[9px] text-text-3"><svg xmlns="http://www.w3.org/2000/svg" width="9" height="9" viewBox="0 0 24 24" fill="none" stroke="currentColor" stroke-width="2" stroke-linecap="round" stroke-linejoin="round" class="lucide lucide-chart-no-axes-column text-accent" aria-hidden="true"><path d="M5 21v-6"></path><path d="M12 21V3"></path><path d="M19 21V9"></path></svg><span>90<!-- -->% competencies verified</span></div></div></div><div class="grid grid-cols-1 md:grid-cols-3 gap-3.5"><div class="rounded-2xl p-4 border border-border bg-surface shadow-sm dark:shadow-xl backdrop-blur-xl flex flex-col gap-3"><div class="flex items-center justify-between pb-2 border-b border-border"><div class="flex items-center gap-2"><svg xmlns="http://www.w3.org/2000/svg" width="14" height="14" viewBox="0 0 24 24" fill="none" stroke="currentColor" stroke-width="2" stroke-linecap="round" stroke-linejoin="round" class="lucide lucide-cpu text-indigo-500 shrink-0" aria-hidden="true"><path d="M12 20v2"></path><path d="M12 2v2"></path><path d="M17 20v2"></path><path d="M17 2v2"></path><path d="M2 12h2"></path><path d="M2 17h2"></path><path d="M2 7h2"></path><path d="M20 12h2"></path><path d="M20 17h2"></path><path d="M20 7h2"></path><path d="M7 20v2"></path><path d="M7 2v2"></path><rect x="4" y="4" width="16" height="16" rx="2"></rect><rect x="8" y="8" width="8" height="8" rx="1"></rect></svg><h2 class="text-xs font-black uppercase tracking-wider text-text-1">1. Technical Domains</h2></div><span class="text-[10px] font-bold px-2 py-0.5 rounded-md bg-emerald-500/15 text-emerald-600 dark:text-emerald-400">✓ Met</span></div><div class="flex items-center gap-3 bg-surface-2 p-2.5 rounded-xl border border-border"><div class="relative w-14 h-14 shrink-0"><div class="recharts-responsive-container" style="width:100%;height:100%;min-width:0"></div><div class="absolute inset-0 flex flex-col items-center justify-center"><span class="text-xs font-black font-mono text-text-1 leading-none">1<!-- -->%</span></div></div><div class="text-[10px] text-text-3 leading-relaxed"><div><span class="font-bold text-indigo-500">1<!-- -->%</span> achieved</div><div><span class="font-bold text-text-2">1<!-- -->%</span> required</div><div class="mt-0.5 text-[9px]">18<!-- -->/<!-- -->20<!-- --> skills verified</div></div></div><div class="flex flex-col gap-2 flex-1"><div class="flex flex-col gap-0.5"><div class="flex items-center justify-between text-[11px]"><span class="font-semibold text-text-1 truncate max-w-[170px]" title="Cloud Architecture">Cloud Architecture</span><span class="font-mono text-[10px] font-bold text-text-2 tabular-nums shrink-0"><strong class="text-text-1">1<!-- -->%</strong> / <!-- -->1<!-- -->%</span></div><div class="relative h-2.5 rounded-full bg-surface-2 border border-border overflow-hidden"><div class="h-full rounded-full transition-all duration-700" style="width:1%;background:linear-gradient(90deg,#6366f1,#818cf8)"></div></div></div><div class="flex flex-col gap-0.5"><div class="flex items-center justify-between text-[11px]"><span class="font-semibold text-text-1 truncate max-w-[170px]" title="CI/CD &amp; DevOps">CI/CD &amp; DevOps</span><span class="font-mono text-[10px] font-bold text-text-2 tabular-nums shrink-0"><strong class="text-text-1">1<!-- -->%</strong> / <!-- -->1<!-- -->%</span></div><div class="relative h-2.5 rounded-full bg-surface-2 border border-border overflow-hidden"><div class="h-full rounded-full transition-all duration-700" style="width:1%;background:linear-gradient(90deg,#06b6d4,#22d3ee)"></div></div></div></div><div class="flex items-center justify-between text-[10px] text-text-3 pt-2 border-t border-border"><div class="flex items-center gap-3"><span class="flex items-center gap-1.5"><span class="w-3 h-1.5 rounded-full bg-indigo-500 inline-block"></span>Achieved</span><span class="flex items-center gap-1.5"><span class="w-3 h-1.5 rounded-full bg-surface-2 border border-border inline-block"></span>Target</span></div><button type="button" class="font-bold text-indigo-500 hover:underline inline-flex items-center gap-0.5">Skills Grid <svg xmlns="http://www.w3.org/2000/svg" width="12" height="12" viewBox="0 0 24 24" fill="none" stroke="currentColor" stroke-width="2" stroke-linecap="round" stroke-linejoin="round" class="lucide lucide-arrow-up-right" aria-hidden="true"><path d="M7 7h10v10"></path><path d="M7 17 17 7"></path></svg></button></div></div><div class="rounded-2xl p-4 border border-border bg-surface shadow-sm dark:shadow-xl backdrop-blur-xl flex flex-col gap-3"><div class="flex items-center justify-between pb-2 border-b border-border"><div class="flex items-center gap-2"><svg xmlns="http://www.w3.org/2000/svg" width="14" height="14" viewBox="0 0 24 24" fill="none" stroke="currentColor" stroke-width="2" stroke-linecap="round" stroke-linejoin="round" class="lucide lucide-message-square text-cyan-500 shrink-0" aria-hidden="true"><path d="M22 17a2 2 0 0 1-2 2H6.828a2 2 0 0 0-1.414.586l-2.202 2.202A.71.71 0 0 1 2 21.286V5a2 2 0 0 1 2-2h16a2 2 0 0 1 2 2z"></path></svg><h2 class="text-xs font-black uppercase tracking-wider text-text-1">2. CEFR Language</h2></div><span class="inline-flex items-center gap-1.5 border font-mono bg-indigo-500/15 dark:bg-indigo-950/40 text-indigo-700 dark:text-indigo-300 border-indigo-300 dark:border-indigo-800/60 px-1.5 py-0.5 text-xs font-semibold rounded " title="B2 - Upper Intermediate"><span>B2</span></span></div><div class="flex items-center gap-3 bg-surface-2 p-2.5 rounded-xl border border-border"><div class="relative w-14 h-14 shrink-0"><div class="recharts-responsive-container" style="width:100%;height:100%;min-width:0"></div><div class="absolute inset-0 flex flex-col items-center justify-center"><span class="text-xs font-black font-mono text-text-1 leading-none">B2</span></div></div><div class="text-[10px] text-text-3 text-left leading-relaxed"><div><span class="font-bold text-cyan-500">B2</span> assessed (<!-- -->67<!-- -->%)</div><div><span class="font-bold text-text-2">-</span> required (<!-- -->0<!-- -->%)</div><div class="mt-0.5 text-[9px]">6-competency framework</div></div></div><div class="flex flex-col gap-2 flex-1"><div class="flex flex-col gap-0.5"><div class="flex items-center justify-between text-[11px]"><span class="font-semibold text-text-1 truncate max-w-[170px]" title="Written Clarity">Written Clarity</span><span class="font-mono text-[10px] font-bold text-text-2 tabular-nums shrink-0"><strong class="text-text-1">67<!-- -->%</strong> / <!-- -->0<!-- -->%</span></div><div class="relative h-2.5 rounded-full bg-surface-2 border border-border overflow-hidden"><div class="h-full rounded-full transition-all duration-700" style="width:67%;background:linear-gradient(90deg,#f97316,#fb923c)"></div></div></div><div class="flex flex-col gap-0.5"><div class="flex items-center justify-between text-[11px]"><span class="font-semibold text-text-1 truncate max-w-[170px]" title="Spoken Fluency">Spoken Fluency</span><span class="font-mono text-[10px] font-bold text-text-2 tabular-nums shrink-0"><strong class="text-text-1">67<!-- -->%</strong> / <!-- -->0<!-- -->%</span></div><div class="relative h-2.5 rounded-full bg-surface-2 border border-border overflow-hidden"><div class="h-full rounded-full transition-all duration-700" style="width:67%;background:linear-gradient(90deg,#14b8a6,#2dd4bf)"></div></div></div></div><div class="flex items-center justify-between text-[10px] text-text-3 pt-2 border-t border-border"><div class="flex items-center gap-3"><span class="flex items-center gap-1.5"><span class="w-3 h-1.5 rounded-full bg-cyan-500 inline-block"></span>Assessed</span><span class="flex items-center gap-1.5"><span class="w-3 h-1.5 rounded-full bg-surface-2 border border-border inline-block"></span>Required</span></div><button type="button" class="font-bold text-cyan-500 hover:underline inline-flex items-center gap-0.5">CEFR Rubric <svg xmlns="http://www.w3.org/2000/svg" width="12" height="12" viewBox="0 0 24 24" fill="none" stroke="currentColor" stroke-width="2" stroke-linecap="round" stroke-linejoin="round" class="lucide lucide-arrow-up-right" aria-hidden="true"><path d="M7 7h10v10"></path><path d="M7 17 17 7"></path></svg></button></div></div><div class="rounded-2xl p-4 border border-border bg-surface shadow-sm dark:shadow-xl backdrop-blur-xl flex flex-col gap-3"><div class="flex items-center justify-between pb-2 border-b border-border"><div class="flex items-center gap-2"><svg xmlns="http://www.w3.org/2000/svg" width="14" height="14" viewBox="0 0 24 24" fill="none" stroke="currentColor" stroke-width="2" stroke-linecap="round" stroke-linejoin="round" class="lucide lucide-award text-amber-500 shrink-0" aria-hidden="true"><path d="m15.477 12.89 1.515 8.526a.5.5 0 0 1-.81.47l-3.58-2.687a1 1 0 0 0-1.197 0l-3.586 2.686a.5.5 0 0 1-.81-.469l1.514-8.526"></path><circle cx="12" cy="8" r="6"></circle></svg><h2 class="text-xs font-black uppercase tracking-wider text-text-1">3. Behavioral (11 Pillars)</h2></div><span class="inline-flex items-center gap-1.5 border font-mono bg-purple-500/15 dark:bg-purple-950/40 text-purple-700 dark:text-purple-300 border-purple-300 dark:border-purple-800/60 px-1.5 py-0.5 text-xs font-semibold rounded " title="L4 - Leads"><span>L4</span><span class="font-sans font-normal opacity-90">Leads</span></span></div><div class="flex items-center gap-3 bg-surface-2 p-2.5 rounded-xl border border-border"><div class="relative w-14 h-14 shrink-0"><div class="recharts-responsive-container" style="width:100%;height:100%;min-width:0"></div><div class="absolute inset-0 flex flex-col items-center justify-center"><span class="text-xs font-black font-mono text-text-1 leading-none">L4</span></div></div><div class="text-[10px] text-text-3 text-left leading-relaxed"><div class="flex items-center gap-2 mb-0.5"><span class="text-[9px] font-bold text-amber-500 uppercase flex items-center gap-1"><span class="w-1.5 h-1.5 rounded-full bg-amber-400"></span>Core (6)</span><span class="text-[9px] font-bold text-purple-500 uppercase flex items-center gap-1"><span class="w-1.5 h-1.5 rounded-full bg-purple-400"></span>Leadership (5)</span></div><div><span class="font-bold text-amber-500">L4</span> assessed (<!-- -->80<!-- -->%)</div><div><span class="font-bold text-text-2">-</span> required (<!-- -->0<!-- -->%)</div></div></div><div class="flex flex-col gap-2 flex-1"><div class="flex flex-col gap-0.5"><div class="flex items-center justify-between text-[11px]"><div class="flex items-center gap-1.5 truncate max-w-[180px]"><span class="w-1.5 h-1.5 rounded-full shrink-0 bg-amber-400"></span><span class="font-semibold text-text-1 truncate" title="Ownership">Ownership</span></div><div class="flex items-center gap-1 shrink-0 font-mono text-[10px] tabular-nums"><span class="font-bold text-text-1">L4</span><span class="text-text-3">/</span><span class="text-text-2">L3</span><span class="ml-1 font-bold text-emerald-500">✓</span></div></div><div class="relative h-2.5 rounded-full bg-surface-2 border border-border overflow-hidden"><div class="h-full rounded-full transition-all duration-700" style="width:80%;background:linear-gradient(90deg,#6366f1,#818cf8)"></div></div></div><div class="flex flex-col gap-0.5"><div class="flex items-center justify-between text-[11px]"><div class="flex items-center gap-1.5 truncate max-w-[180px]"><span class="w-1.5 h-1.5 rounded-full shrink-0 bg-amber-400"></span><span class="font-semibold text-text-1 truncate" title="Communication">Communication</span></div><div class="flex items-center gap-1 shrink-0 font-mono text-[10px] tabular-nums"><span class="font-bold text-text-1">L4</span><span class="text-text-3">/</span><span class="text-text-2">-</span><span class="ml-1 font-bold text-emerald-500">✓</span></div></div><div class="relative h-2.5 rounded-full bg-surface-2 border border-border overflow-hidden"><div class="h-full rounded-full transition-all duration-700" style="width:80%;background:linear-gradient(90deg,#06b6d4,#22d3ee)"></div></div></div></div><div class="flex items-center justify-between text-[10px] text-text-3 pt-2 border-t border-border"><div class="flex items-center gap-3"><span class="flex items-center gap-1"><span class="w-1.5 h-1.5 rounded-full bg-amber-400 inline-block"></span>Core</span><span class="flex items-center gap-1"><span class="w-1.5 h-1.5 rounded-full bg-purple-400 inline-block"></span>Leadership</span><span class="flex items-center gap-1"><span class="w-3 h-1.5 rounded-full bg-surface-2 border border-border inline-block"></span>Target</span></div><button type="button" class="font-bold text-amber-500 hover:underline inline-flex items-center gap-0.5">Matrix <svg xmlns="http://www.w3.org/2000/svg" width="12" height="12" viewBox="0 0 24 24" fill="none" stroke="currentColor" stroke-width="2" stroke-linecap="round" stroke-linejoin="round" class="lucide lucide-arrow-up-right" aria-hidden="true"><path d="M7 7h10v10"></path><path d="M7 17 17 7"></path></svg></button></div></div></div></div>

⎯⎯⎯⎯⎯⎯⎯ Failed Tests 1 ⎯⎯⎯⎯⎯⎯⎯

 FAIL  src/components/dashboard/tabs/ResourceOverviewDashboard.test.tsx > ResourceOverviewDashboard (SSR Rendering) > renders Header Ribbon with greeting, career grade trajectory, and evaluation cycle title
Error: HTML Output: <div class="w-full max-w-[1700px] mx-auto space-y-4 px-4 sm:px-6 py-2"><div class="flex flex-col md:flex-row md:items-center justify-between gap-3 p-4 rounded-2xl border border-border bg-surface shadow-sm dark:shadow-xl backdrop-blur-xl"><div class="flex flex-wrap items-center gap-3"><div class="flex items-center gap-2"><div class="p-2 rounded-xl bg-accent-soft text-accent shrink-0"><svg xmlns="http://www.w3.org/2000/svg" width="18" height="18" viewBox="0 0 24 24" fill="none" stroke="currentColor" stroke-width="2" stroke-linecap="round" stroke-linejoin="round" class="lucide lucide-sparkles" aria-hidden="true"><path d="M11.017 2.814a1 1 0 0 1 1.966 0l1.051 5.558a2 2 0 0 0 1.594 1.594l5.558 1.051a1 1 0 0 1 0 1.966l-5.558 1.051a2 2 0 0 0-1.594 1.594l-1.051 5.558a1 1 0 0 1-1.966 0l-1.051-5.558a2 2 0 0 0-1.594-1.594l-5.558-1.051a1 1 0 0 1 0-1.966l5.558-1.051a2 2 0 0 0 1.594-1.594z"></path><path d="M20 2v4"></path><path d="M22 4h-4"></path><circle cx="4" cy="20" r="2"></circle></svg></div><h1 class="text-base font-extrabold tracking-tight text-text-1">Welcome back, <!-- -->Test Engineer<!-- -->! 👋</h1></div><div class="flex items-center gap-1 text-xs font-semibold"><span class="px-2 py-0.5 rounded-md bg-surface-2 border border-border text-text-2 text-[10px]">G14</span><span class="text-accent font-bold">→</span><span class="px-2 py-0.5 rounded-md bg-accent-soft border border-accent/30 text-accent-txt text-[10px]">Target: <strong class="font-mono text-text-1">G15</strong></span></div><div class="inline-flex items-center gap-1.5 px-2.5 py-0.5 rounded-full text-[10px] font-bold bg-accent-soft text-accent-txt border border-accent/30"><svg xmlns="http://www.w3.org/2000/svg" width="12" height="12" viewBox="0 0 24 24" fill="none" stroke="currentColor" stroke-width="2" stroke-linecap="round" stroke-linejoin="round" class="lucide lucide-calendar text-accent" aria-hidden="true"><path d="M8 2v3"></path><path d="M16 2v3"></path><rect x="3" y="3" width="18" height="18" rx="2"></rect><path d="M3 9h18"></path></svg><span>Cycle <!-- -->2026<!-- --> (Active)</span></div></div><div class="flex items-center gap-2 shrink-0"><div class="flex items-center gap-1.5 bg-surface-2 px-3 py-1 rounded-xl border border-border text-xs"><span class="text-[10px] font-bold text-text-3 uppercase tracking-wider">Readiness</span><span class="font-black text-text-1 font-mono tabular-nums text-xs">40<!-- -->%</span><div class="w-1.5 h-1.5 rounded-full bg-emerald-500 shadow-[0_0_6px_rgba(16,185,129,0.8)]"></div></div><button type="button" class="inline-flex items-center gap-1 px-3 py-1 rounded-xl font-bold text-[10px] uppercase tracking-wider bg-accent text-white hover:bg-accent-hover shadow-sm transition-all active:scale-95"><span>Assess Skills</span><svg xmlns="http://www.w3.org/2000/svg" width="12" height="12" viewBox="0 0 24 24" fill="none" stroke="currentColor" stroke-width="2" stroke-linecap="round" stroke-linejoin="round" class="lucide lucide-arrow-up-right" aria-hidden="true"><path d="M7 7h10v10"></path><path d="M7 17 17 7"></path></svg></button></div></div><div class="grid grid-cols-2 sm:grid-cols-3 md:grid-cols-5 gap-2.5"><div class="relative overflow-hidden rounded-2xl px-3.5 py-3 border border-border bg-surface shadow-sm dark:shadow-lg backdrop-blur-xl flex flex-col gap-1.5 group hover:border-accent/40 transition-colors"><div class="absolute -top-4 -right-4 w-14 h-14 rounded-full bg-accent/10 blur-xl group-hover:bg-accent/20 transition-colors"></div><div class="flex items-center justify-between"><div class="flex items-center gap-1"><svg xmlns="http://www.w3.org/2000/svg" width="13" height="13" viewBox="0 0 24 24" fill="none" stroke="currentColor" stroke-width="2" stroke-linecap="round" stroke-linejoin="round" class="lucide lucide-circle-check text-emerald-500 shrink-0" aria-hidden="true"><circle cx="12" cy="12" r="10"></circle><path d="m9 12 2 2 4-4"></path></svg><span class="text-[10px] font-bold uppercase tracking-wider text-text-3">Readiness</span></div><span class="text-[9px] font-bold px-1.5 py-0.5 rounded-md bg-amber-500/15 text-amber-600 dark:text-amber-400">⚡ In Progress</span></div><div class="flex items-end gap-1.5"><span class="text-2xl font-black font-mono tabular-nums text-text-1 leading-none">40<!-- -->%</span><span class="text-[10px] text-text-3 pb-0.5">of gate</span></div><div class="w-full h-1 rounded-full bg-surface-2 border border-border overflow-hidden"><div class="h-full rounded-full bg-gradient-to-r from-emerald-500 to-emerald-400 transition-all duration-700" style="width:40%"></div></div><span class="text-[9px] text-text-3">Promotion Gate: <!-- -->G14<!-- --> → <!-- -->G15</span></div><div class="relative overflow-hidden rounded-2xl px-3.5 py-3 border border-border bg-surface shadow-sm dark:shadow-lg backdrop-blur-xl flex flex-col gap-1.5 group hover:border-indigo-500/40 transition-colors"><div class="absolute -top-4 -right-4 w-14 h-14 rounded-full bg-indigo-500/10 blur-xl group-hover:bg-indigo-500/20 transition-colors"></div><div class="flex items-center justify-between"><div class="flex items-center gap-1"><svg xmlns="http://www.w3.org/2000/svg" width="13" height="13" viewBox="0 0 24 24" fill="none" stroke="currentColor" stroke-width="2" stroke-linecap="round" stroke-linejoin="round" class="lucide lucide-cpu text-indigo-500 shrink-0" aria-hidden="true"><path d="M12 20v2"></path><path d="M12 2v2"></path><path d="M17 20v2"></path><path d="M17 2v2"></path><path d="M2 12h2"></path><path d="M2 17h2"></path><path d="M2 7h2"></path><path d="M20 12h2"></path><path d="M20 17h2"></path><path d="M20 7h2"></path><path d="M7 20v2"></path><path d="M7 2v2"></path><rect x="4" y="4" width="16" height="16" rx="2"></rect><rect x="8" y="8" width="8" height="8" rx="1"></rect></svg><span class="text-[10px] font-bold uppercase tracking-wider text-text-3">Technical</span></div><span class="text-[9px] font-bold px-1.5 py-0.5 rounded-md bg-emerald-500/15 text-emerald-600 dark:text-emerald-400">✓ Met</span></div><div class="flex items-end gap-1.5"><span class="text-2xl font-black font-mono tabular-nums text-indigo-600 dark:text-indigo-400 leading-none">1<!-- -->%</span><span class="text-[10px] text-text-3 pb-0.5">/ <!-- -->1<!-- -->% req</span></div><div class="w-full h-1 rounded-full bg-surface-2 border border-border overflow-hidden"><div class="h-full rounded-full bg-gradient-to-r from-indigo-600 to-indigo-400 transition-all duration-700" style="width:1%"></div></div><div class="flex items-center gap-1 text-[9px] text-text-3"><svg xmlns="http://www.w3.org/2000/svg" width="9" height="9" viewBox="0 0 24 24" fill="none" stroke="currentColor" stroke-width="2" stroke-linecap="round" stroke-linejoin="round" class="lucide lucide-trending-up text-emerald-500" aria-hidden="true"><path d="M16 7h6v6"></path><path d="m22 7-8.5 8.5-5-5L2 17"></path></svg><span>+<!-- -->0<!-- -->% above target</span></div></div><div class="relative overflow-hidden rounded-2xl px-3.5 py-3 border border-border bg-surface shadow-sm dark:shadow-lg backdrop-blur-xl flex flex-col gap-1.5 group hover:border-cyan-500/40 transition-colors"><div class="absolute -top-4 -right-4 w-14 h-14 rounded-full bg-cyan-500/10 blur-xl group-hover:bg-cyan-500/20 transition-colors"></div><div class="flex items-center justify-between"><div class="flex items-center gap-1"><svg xmlns="http://www.w3.org/2000/svg" width="13" height="13" viewBox="0 0 24 24" fill="none" stroke="currentColor" stroke-width="2" stroke-linecap="round" stroke-linejoin="round" class="lucide lucide-message-square text-cyan-500 shrink-0" aria-hidden="true"><path d="M22 17a2 2 0 0 1-2 2H6.828a2 2 0 0 0-1.414.586l-2.202 2.202A.71.71 0 0 1 2 21.286V5a2 2 0 0 1 2-2h16a2 2 0 0 1 2 2z"></path></svg><span class="text-[10px] font-bold uppercase tracking-wider text-text-3">CEFR Lang</span></div><span class="text-[9px] font-bold px-1.5 py-0.5 rounded-md bg-amber-500/15 text-amber-600 dark:text-amber-400">▲ Progressing</span></div><div class="flex items-end gap-1.5"><span class="text-2xl font-black font-mono tabular-nums text-cyan-600 dark:text-cyan-400 leading-none">B2</span><span class="text-[10px] text-text-3 pb-0.5">/ <!-- -->-<!-- --> req</span></div><div class="w-full h-1 rounded-full bg-surface-2 border border-border overflow-hidden"><div class="h-full rounded-full bg-gradient-to-r from-cyan-600 to-cyan-400 transition-all duration-700" style="width:67%"></div></div><span class="text-[9px] text-text-3">Score: <!-- -->67<!-- -->% · Benchmark: <!-- -->0<!-- -->%</span></div><div class="relative overflow-hidden rounded-2xl px-3.5 py-3 border border-border bg-surface shadow-sm dark:shadow-lg backdrop-blur-xl flex flex-col gap-1.5 group hover:border-amber-500/40 transition-colors"><div class="absolute -top-4 -right-4 w-14 h-14 rounded-full bg-amber-500/10 blur-xl group-hover:bg-amber-500/20 transition-colors"></div><div class="flex items-center justify-between"><div class="flex items-center gap-1"><svg xmlns="http://www.w3.org/2000/svg" width="13" height="13" viewBox="0 0 24 24" fill="none" stroke="currentColor" stroke-width="2" stroke-linecap="round" stroke-linejoin="round" class="lucide lucide-shield-check text-amber-500 shrink-0" aria-hidden="true"><path d="M20 13c0 5-3.5 7.5-7.66 8.95a1 1 0 0 1-.67-.01C7.5 20.5 4 18 4 13V6a1 1 0 0 1 1-1c2 0 4.5-1.2 6.24-2.72a1.17 1.17 0 0 1 1.52 0C14.51 3.81 17 5 19 5a1 1 0 0 1 1 1z"></path><path d="m9 12 2 2 4-4"></path></svg><span class="text-[10px] font-bold uppercase tracking-wider text-text-3">Behavioral</span></div><span class="text-[9px] font-bold px-1.5 py-0.5 rounded-md bg-amber-500/15 text-amber-600 dark:text-amber-400">▲ Progressing</span></div><div class="flex items-end gap-1.5"><span class="text-2xl font-black font-mono tabular-nums text-amber-600 dark:text-amber-400 leading-none">L4</span><span class="text-[10px] text-text-3 pb-0.5">/ <!-- -->-<!-- --> req</span></div><div class="w-full h-1 rounded-full bg-surface-2 border border-border overflow-hidden"><div class="h-full rounded-full bg-gradient-to-r from-amber-600 to-amber-400 transition-all duration-700" style="width:80%"></div></div><span class="text-[9px] text-text-3">11-pillar framework · <!-- -->80<!-- -->% vs <!-- -->0<!-- -->% req</span></div><div class="relative overflow-hidden rounded-2xl px-3.5 py-3 border border-border bg-surface shadow-sm dark:shadow-lg backdrop-blur-xl flex flex-col gap-1.5 group hover:border-accent/40 transition-colors"><div class="absolute -top-4 -right-4 w-14 h-14 rounded-full bg-accent/10 blur-xl group-hover:bg-accent/20 transition-colors"></div><div class="flex items-center justify-between"><div class="flex items-center gap-1"><svg xmlns="http://www.w3.org/2000/svg" width="13" height="13" viewBox="0 0 24 24" fill="none" stroke="currentColor" stroke-width="2" stroke-linecap="round" stroke-linejoin="round" class="lucide lucide-zap text-accent shrink-0" aria-hidden="true"><path d="M15.914 4a1.5 1.5 0 00-2.474-1.561l-9 9A1.5 1.5 0 005.5 14h4.002a.5.5 0 01.471.666L8.086 20a1.5 1.5 0 002.475 1.56l9-9A1.5 1.5 0 0018.5 10h-3.997a.5.5 0 01-.472-.667z"></path></svg><span class="text-[10px] font-bold uppercase tracking-wider text-text-3">Skills Gate</span></div><span class="text-[9px] font-bold px-1.5 py-0.5 rounded-md bg-accent-soft text-accent-txt">18<!-- -->/<!-- -->20</span></div><div class="flex items-end gap-1.5"><span class="text-2xl font-black font-mono tabular-nums text-text-1 leading-none">18</span><span class="text-[10px] text-text-3 pb-0.5">/ <!-- -->20<!-- --> skills</span></div><div class="w-full h-1 rounded-full bg-surface-2 border border-border overflow-hidden"><div class="h-full rounded-full bg-gradient-to-r from-accent to-purple-400 transition-all duration-700" style="width:90%"></div></div><div class="flex items-center gap-1 text-[9px] text-text-3"><svg xmlns="http://www.w3.org/2000/svg" width="9" height="9" viewBox="0 0 24 24" fill="none" stroke="currentColor" stroke-width="2" stroke-linecap="round" stroke-linejoin="round" class="lucide lucide-chart-no-axes-column text-accent" aria-hidden="true"><path d="M5 21v-6"></path><path d="M12 21V3"></path><path d="M19 21V9"></path></svg><span>90<!-- -->% competencies verified</span></div></div></div><div class="grid grid-cols-1 md:grid-cols-3 gap-3.5"><div class="rounded-2xl p-4 border border-border bg-surface shadow-sm dark:shadow-xl backdrop-blur-xl flex flex-col gap-3"><div class="flex items-center justify-between pb-2 border-b border-border"><div class="flex items-center gap-2"><svg xmlns="http://www.w3.org/2000/svg" width="14" height="14" viewBox="0 0 24 24" fill="none" stroke="currentColor" stroke-width="2" stroke-linecap="round" stroke-linejoin="round" class="lucide lucide-cpu text-indigo-500 shrink-0" aria-hidden="true"><path d="M12 20v2"></path><path d="M12 2v2"></path><path d="M17 20v2"></path><path d="M17 2v2"></path><path d="M2 12h2"></path><path d="M2 17h2"></path><path d="M2 7h2"></path><path d="M20 12h2"></path><path d="M20 17h2"></path><path d="M20 7h2"></path><path d="M7 20v2"></path><path d="M7 2v2"></path><rect x="4" y="4" width="16" height="16" rx="2"></rect><rect x="8" y="8" width="8" height="8" rx="1"></rect></svg><h2 class="text-xs font-black uppercase tracking-wider text-text-1">1. Technical Domains</h2></div><span class="text-[10px] font-bold px-2 py-0.5 rounded-md bg-emerald-500/15 text-emerald-600 dark:text-emerald-400">✓ Met</span></div><div class="flex items-center gap-3 bg-surface-2 p-2.5 rounded-xl border border-border"><div class="relative w-14 h-14 shrink-0"><div class="recharts-responsive-container" style="width:100%;height:100%;min-width:0"></div><div class="absolute inset-0 flex flex-col items-center justify-center"><span class="text-xs font-black font-mono text-text-1 leading-none">1<!-- -->%</span></div></div><div class="text-[10px] text-text-3 leading-relaxed"><div><span class="font-bold text-indigo-500">1<!-- -->%</span> achieved</div><div><span class="font-bold text-text-2">1<!-- -->%</span> required</div><div class="mt-0.5 text-[9px]">18<!-- -->/<!-- -->20<!-- --> skills verified</div></div></div><div class="flex flex-col gap-2 flex-1"><div class="flex flex-col gap-0.5"><div class="flex items-center justify-between text-[11px]"><span class="font-semibold text-text-1 truncate max-w-[170px]" title="Cloud Architecture">Cloud Architecture</span><span class="font-mono text-[10px] font-bold text-text-2 tabular-nums shrink-0"><strong class="text-text-1">1<!-- -->%</strong> / <!-- -->1<!-- -->%</span></div><div class="relative h-2.5 rounded-full bg-surface-2 border border-border overflow-hidden"><div class="h-full rounded-full transition-all duration-700" style="width:1%;background:linear-gradient(90deg,#6366f1,#818cf8)"></div></div></div><div class="flex flex-col gap-0.5"><div class="flex items-center justify-between text-[11px]"><span class="font-semibold text-text-1 truncate max-w-[170px]" title="CI/CD &amp; DevOps">CI/CD &amp; DevOps</span><span class="font-mono text-[10px] font-bold text-text-2 tabular-nums shrink-0"><strong class="text-text-1">1<!-- -->%</strong> / <!-- -->1<!-- -->%</span></div><div class="relative h-2.5 rounded-full bg-surface-2 border border-border overflow-hidden"><div class="h-full rounded-full transition-all duration-700" style="width:1%;background:linear-gradient(90deg,#06b6d4,#22d3ee)"></div></div></div></div><div class="flex items-center justify-between text-[10px] text-text-3 pt-2 border-t border-border"><div class="flex items-center gap-3"><span class="flex items-center gap-1.5"><span class="w-3 h-1.5 rounded-full bg-indigo-500 inline-block"></span>Achieved</span><span class="flex items-center gap-1.5"><span class="w-3 h-1.5 rounded-full bg-surface-2 border border-border inline-block"></span>Target</span></div><button type="button" class="font-bold text-indigo-500 hover:underline inline-flex items-center gap-0.5">Skills Grid <svg xmlns="http://www.w3.org/2000/svg" width="12" height="12" viewBox="0 0 24 24" fill="none" stroke="currentColor" stroke-width="2" stroke-linecap="round" stroke-linejoin="round" class="lucide lucide-arrow-up-right" aria-hidden="true"><path d="M7 7h10v10"></path><path d="M7 17 17 7"></path></svg></button></div></div><div class="rounded-2xl p-4 border border-border bg-surface shadow-sm dark:shadow-xl backdrop-blur-xl flex flex-col gap-3"><div class="flex items-center justify-between pb-2 border-b border-border"><div class="flex items-center gap-2"><svg xmlns="http://www.w3.org/2000/svg" width="14" height="14" viewBox="0 0 24 24" fill="none" stroke="currentColor" stroke-width="2" stroke-linecap="round" stroke-linejoin="round" class="lucide lucide-message-square text-cyan-500 shrink-0" aria-hidden="true"><path d="M22 17a2 2 0 0 1-2 2H6.828a2 2 0 0 0-1.414.586l-2.202 2.202A.71.71 0 0 1 2 21.286V5a2 2 0 0 1 2-2h16a2 2 0 0 1 2 2z"></path></svg><h2 class="text-xs font-black uppercase tracking-wider text-text-1">2. CEFR Language</h2></div><span class="inline-flex items-center gap-1.5 border font-mono bg-indigo-500/15 dark:bg-indigo-950/40 text-indigo-700 dark:text-indigo-300 border-indigo-300 dark:border-indigo-800/60 px-1.5 py-0.5 text-xs font-semibold rounded " title="B2 - Upper Intermediate"><span>B2</span></span></div><div class="flex items-center gap-3 bg-surface-2 p-2.5 rounded-xl border border-border"><div class="relative w-14 h-14 shrink-0"><div class="recharts-responsive-container" style="width:100%;height:100%;min-width:0"></div><div class="absolute inset-0 flex flex-col items-center justify-center"><span class="text-xs font-black font-mono text-text-1 leading-none">B2</span></div></div><div class="text-[10px] text-text-3 text-left leading-relaxed"><div><span class="font-bold text-cyan-500">B2</span> assessed (<!-- -->67<!-- -->%)</div><div><span class="font-bold text-text-2">-</span> required (<!-- -->0<!-- -->%)</div><div class="mt-0.5 text-[9px]">6-competency framework</div></div></div><div class="flex flex-col gap-2 flex-1"><div class="flex flex-col gap-0.5"><div class="flex items-center justify-between text-[11px]"><span class="font-semibold text-text-1 truncate max-w-[170px]" title="Written Clarity">Written Clarity</span><span class="font-mono text-[10px] font-bold text-text-2 tabular-nums shrink-0"><strong class="text-text-1">67<!-- -->%</strong> / <!-- -->0<!-- -->%</span></div><div class="relative h-2.5 rounded-full bg-surface-2 border border-border overflow-hidden"><div class="h-full rounded-full transition-all duration-700" style="width:67%;background:linear-gradient(90deg,#f97316,#fb923c)"></div></div></div><div class="flex flex-col gap-0.5"><div class="flex items-center justify-between text-[11px]"><span class="font-semibold text-text-1 truncate max-w-[170px]" title="Spoken Fluency">Spoken Fluency</span><span class="font-mono text-[10px] font-bold text-text-2 tabular-nums shrink-0"><strong class="text-text-1">67<!-- -->%</strong> / <!-- -->0<!-- -->%</span></div><div class="relative h-2.5 rounded-full bg-surface-2 border border-border overflow-hidden"><div class="h-full rounded-full transition-all duration-700" style="width:67%;background:linear-gradient(90deg,#14b8a6,#2dd4bf)"></div></div></div></div><div class="flex items-center justify-between text-[10px] text-text-3 pt-2 border-t border-border"><div class="flex items-center gap-3"><span class="flex items-center gap-1.5"><span class="w-3 h-1.5 rounded-full bg-cyan-500 inline-block"></span>Assessed</span><span class="flex items-center gap-1.5"><span class="w-3 h-1.5 rounded-full bg-surface-2 border border-border inline-block"></span>Required</span></div><button type="button" class="font-bold text-cyan-500 hover:underline inline-flex items-center gap-0.5">CEFR Rubric <svg xmlns="http://www.w3.org/2000/svg" width="12" height="12" viewBox="0 0 24 24" fill="none" stroke="currentColor" stroke-width="2" stroke-linecap="round" stroke-linejoin="round" class="lucide lucide-arrow-up-right" aria-hidden="true"><path d="M7 7h10v10"></path><path d="M7 17 17 7"></path></svg></button></div></div><div class="rounded-2xl p-4 border border-border bg-surface shadow-sm dark:shadow-xl backdrop-blur-xl flex flex-col gap-3"><div class="flex items-center justify-between pb-2 border-b border-border"><div class="flex items-center gap-2"><svg xmlns="http://www.w3.org/2000/svg" width="14" height="14" viewBox="0 0 24 24" fill="none" stroke="currentColor" stroke-width="2" stroke-linecap="round" stroke-linejoin="round" class="lucide lucide-award text-amber-500 shrink-0" aria-hidden="true"><path d="m15.477 12.89 1.515 8.526a.5.5 0 0 1-.81.47l-3.58-2.687a1 1 0 0 0-1.197 0l-3.586 2.686a.5.5 0 0 1-.81-.469l1.514-8.526"></path><circle cx="12" cy="8" r="6"></circle></svg><h2 class="text-xs font-black uppercase tracking-wider text-text-1">3. Behavioral (11 Pillars)</h2></div><span class="inline-flex items-center gap-1.5 border font-mono bg-purple-500/15 dark:bg-purple-950/40 text-purple-700 dark:text-purple-300 border-purple-300 dark:border-purple-800/60 px-1.5 py-0.5 text-xs font-semibold rounded " title="L4 - Leads"><span>L4</span><span class="font-sans font-normal opacity-90">Leads</span></span></div><div class="flex items-center gap-3 bg-surface-2 p-2.5 rounded-xl border border-border"><div class="relative w-14 h-14 shrink-0"><div class="recharts-responsive-container" style="width:100%;height:100%;min-width:0"></div><div class="absolute inset-0 flex flex-col items-center justify-center"><span class="text-xs font-black font-mono text-text-1 leading-none">L4</span></div></div><div class="text-[10px] text-text-3 text-left leading-relaxed"><div class="flex items-center gap-2 mb-0.5"><span class="text-[9px] font-bold text-amber-500 uppercase flex items-center gap-1"><span class="w-1.5 h-1.5 rounded-full bg-amber-400"></span>Core (6)</span><span class="text-[9px] font-bold text-purple-500 uppercase flex items-center gap-1"><span class="w-1.5 h-1.5 rounded-full bg-purple-400"></span>Leadership (5)</span></div><div><span class="font-bold text-amber-500">L4</span> assessed (<!-- -->80<!-- -->%)</div><div><span class="font-bold text-text-2">-</span> required (<!-- -->0<!-- -->%)</div></div></div><div class="flex flex-col gap-2 flex-1"><div class="flex flex-col gap-0.5"><div class="flex items-center justify-between text-[11px]"><div class="flex items-center gap-1.5 truncate max-w-[180px]"><span class="w-1.5 h-1.5 rounded-full shrink-0 bg-amber-400"></span><span class="font-semibold text-text-1 truncate" title="Ownership">Ownership</span></div><div class="flex items-center gap-1 shrink-0 font-mono text-[10px] tabular-nums"><span class="font-bold text-text-1">L4</span><span class="text-text-3">/</span><span class="text-text-2">L3</span><span class="ml-1 font-bold text-emerald-500">✓</span></div></div><div class="relative h-2.5 rounded-full bg-surface-2 border border-border overflow-hidden"><div class="h-full rounded-full transition-all duration-700" style="width:80%;background:linear-gradient(90deg,#6366f1,#818cf8)"></div></div></div><div class="flex flex-col gap-0.5"><div class="flex items-center justify-between text-[11px]"><div class="flex items-center gap-1.5 truncate max-w-[180px]"><span class="w-1.5 h-1.5 rounded-full shrink-0 bg-amber-400"></span><span class="font-semibold text-text-1 truncate" title="Communication">Communication</span></div><div class="flex items-center gap-1 shrink-0 font-mono text-[10px] tabular-nums"><span class="font-bold text-text-1">L4</span><span class="text-text-3">/</span><span class="text-text-2">-</span><span class="ml-1 font-bold text-emerald-500">✓</span></div></div><div class="relative h-2.5 rounded-full bg-surface-2 border border-border overflow-hidden"><div class="h-full rounded-full transition-all duration-700" style="width:80%;background:linear-gradient(90deg,#06b6d4,#22d3ee)"></div></div></div></div><div class="flex items-center justify-between text-[10px] text-text-3 pt-2 border-t border-border"><div class="flex items-center gap-3"><span class="flex items-center gap-1"><span class="w-1.5 h-1.5 rounded-full bg-amber-400 inline-block"></span>Core</span><span class="flex items-center gap-1"><span class="w-1.5 h-1.5 rounded-full bg-purple-400 inline-block"></span>Leadership</span><span class="flex items-center gap-1"><span class="w-3 h-1.5 rounded-full bg-surface-2 border border-border inline-block"></span>Target</span></div><button type="button" class="font-bold text-amber-500 hover:underline inline-flex items-center gap-0.5">Matrix <svg xmlns="http://www.w3.org/2000/svg" width="12" height="12" viewBox="0 0 24 24" fill="none" stroke="currentColor" stroke-width="2" stroke-linecap="round" stroke-linejoin="round" class="lucide lucide-arrow-up-right" aria-hidden="true"><path d="M7 7h10v10"></path><path d="M7 17 17 7"></path></svg></button></div></div></div></div>
 ❯ src/components/dashboard/tabs/ResourceOverviewDashboard.test.tsx:172:13
    170|     expect(html).toContain('G15');
    171|     if (!html.includes(`Cycle ${new Date().getFullYear()} (Active)`)) {
    172|       throw new Error("HTML Output: " + html);
       |             ^
    173|     }
    174|     expect(html).toContain(`Cycle ${new Date().getFullYear()} (Active)…

⎯⎯⎯⎯⎯⎯⎯⎯⎯⎯⎯⎯⎯⎯⎯⎯⎯⎯⎯⎯⎯⎯⎯⎯[1/1]⎯

 Test Files  1 failed | 5 passed (6)
      Tests  1 failed | 31 passed (32)
   Start at  15:16:17
   Duration  781ms (transform 225ms, setup 0ms, collect 674ms, tests 49ms, environment 0ms, prepare 337ms)


 FAIL  Tests failed. Watching for file changes...
       press h to show help, press q to quit
